
> ee-teaching-platform@0.1.0 build
> next build

   ??Next.js 14.1.0
   - Environments: .env.local, .env

   Creating an optimized production build ...
npm.cmd : Failed to 
compile.
At line:1 char:1
+ npm.cmd run build 
> build_error.log 
2>&1
+ ~~~~~~~~~~~~~~~~~~~
~~~~~~~~~~~~~~~~~~~~~
    + CategoryInfo   
           : NotSpe  
  cified: (Failed    
 to compile.:Stri    
ng) [], RemoteEx    
ception
    + FullyQualified 
   ErrorId : Native  
  CommandError
 

./src/components/cour
se/LessonContent.tsx
Error: 
  [31mx[0m 
Unexpected token 
`div`. Expected jsx 
identifier
    ,-[[36;1;4mC:\Us
ers\Lorry\OneDrive\Do
cuments\Aaa_For_Enwei
\ee-teaching-platform
\src\components\cours
e\LessonContent.tsx[
0m:86:1]
 [2m86[0m |     // 
Better to default to 
'default' theme and 
let it re-render. 
Since we use 
'mounted' in hook, 
we can rely on that.
 [2m87[0m | 
 [2m88[0m |     
return (
 [2m89[0m |        
 <div className={`min
-h-screen pb-20 
relative 
transition-colors 
duration-500 
ease-out ${currentThe
me.wrapper} ${current
Theme.text}`}>
    : [31;1m        
 ^^^[0m
 [2m90[0m |        
     {/* Show grid 
only if showEffects 
is TRUE. */}
 [2m91[0m |        
     {(appearance.sho
wEffects) && (
 [2m91[0m |        
         <Interactive
GridPattern />
    `----

Caused by:
    Syntax Error

Import trace for 
requested module:
./src/components/cour
se/LessonContent.tsx
./src/app/courses/[co
urseId]/[lessonId]/pa
ge.tsx


> Build failed 
because of webpack 
errors
